[guns.lol/lucasm7.html]
[r2.guns.lol/e70224c5-6d3d-4d88-833e-e27815a58301.gif]
[guns.lol/_next/static/css/f8ed8267c3a8d15e.css]
[guns.lol/_next/static/chunks/webpack-a3b4a51111c9f1f2.js]
[guns.lol/_next/static/css/d44f4cffd4380300.css]
[guns.lol/_next/static/chunks/fd9d1056-31e1c1a3fdd56e55.js]
[guns.lol/_next/static/chunks/7023-f99b8c1999bccc54.js]
[guns.lol/_next/static/chunks/main-app-c39fedede3a4cfda.js]
[guns.lol/_next/static/chunks/231-0b0ff17ccfe623c3.js]
[guns.lol/_next/static/chunks/app/not-found-2bb67ac900ffb119.js]
[guns.lol/_next/static/chunks/7963-ab1516be429d5fce.js]
[guns.lol/_next/static/chunks/3371-45cd79df0c3ccbfb.js]
[guns.lol/_next/static/chunks/8602-1d9be5960a4ee9cf.js]
[guns.lol/_next/static/chunks/3678-3a61baba48e128b1.js]
[guns.lol/_next/static/chunks/5304-e97c0f05e6b2f56f.js]
[guns.lol/_next/static/chunks/8577-6fbd13a2f2b0b226.js]
[guns.lol/_next/static/chunks/2543-83ecda2e53fc9553.js]
[guns.lol/_next/static/chunks/app/[username]/page-3acc42b3540e9f0a.js]
[unpkg.com/cursor-effects@1.0.15/dist/browser.js]
[assets.guns.lol/_pow.js]
[backblue.gif]
[fade.gif]
[index.html]
[challenges.cloudflare.com/turnstile/v0/b/a5b175b00260/api.js]
[guns.lol/_next/static/chunks/polyfills-78c92fac7aa8fdd8.js]
[assets.guns.lol/sparkle_blue.gif]
[guns.lol/lucasm7.html]
[guns.lol/_next/static/css/d44f4cffd4380300.css]
[guns.lol/cdn-cgi/challenge-platform/h/b/scripts/jsd/a5b175b00260/maind41d.js]
[assets.guns.lol/gradient_background.png]
[guns.lol/_next/static/css/f8ed8267c3a8d15e.css]
